node.exe : FAIL src/components/__tests__/Footer.test.jsx (6.288 s)
At line:1 char:1
+ & "C:\Program Files\nodejs/node.exe" "C:\Program Files\nodejs/node_mo ...
+ ~~~~~~~~~~~~~~~~~~~~~~~~~~~~~~~~~~~~~~~~~~~~~~~~~~~~~~~~~~~~~~~~~~~~~
    + CategoryInfo          : NotSpecified: (FAIL src/compon...t.jsx (6.288 s):String) [], RemoteException
    + FullyQualifiedErrorId : NativeCommandError
 
  Footer Component
    ├ù renders the brand logo and message (120 ms)
    ÔêÜ renders the candidate navigation links (236 ms)
    ÔêÜ renders the employer navigation links (116 ms)
    ÔêÜ renders contact information properly (114 ms)
    ÔêÜ renders the legal bottom bar (95 ms)

  ÔùÅ Footer Component ÔÇ║ renders the brand logo and message

    TestingLibraryElementError: Found multiple elements with the text: /Nova/i

    Here are the matching elements:

    Ignored nodes: comments, script, style
    [36m<a[39m
      [33maria-label[39m=[32m"Nova Jobs Home"[39m
      [33mclass[39m=[32m"flex items-center gap-2 font-black text-[26px] tracking-tighter text-transparent bg-clip-text bg-gradient-to-r from-blue-600 to-indigo-500"[39m
      [33mhref[39m=[32m"/"[39m
    [36m>[39m
      [36m<div[39m
        [33mclass[39m=[32m"flex items-center justify-center w-8 h-8 rounded-xl bg-gradient-to-br from-blue-600 to-indigo-500 text-white shadow-lg shadow-blue-500/30 transform 
-rotate-6"[39m
      [36m>[39m
        [36m<svg[39m
          [33maria-hidden[39m=[32m"true"[39m
          [33mclass[39m=[32m"lucide lucide-zap fill-white/20"[39m
          [33mfill[39m=[32m"none"[39m
          [33mheight[39m=[32m"18"[39m
          [33mstroke[39m=[32m"currentColor"[39m
          [33mstroke-linecap[39m=[32m"round"[39m
          [33mstroke-linejoin[39m=[32m"round"[39m
          [33mstroke-width[39m=[32m"2.5"[39m
          [33mviewBox[39m=[32m"0 0 24 24"[39m
          [33mwidth[39m=[32m"18"[39m
          [33mxmlns[39m=[32m"http://www.w3.org/2000/svg"[39m
        [36m>[39m
          [36m<path[39m
            [33md[39m=[32m"M4 14a1 1 0 0 1-.78-1.63l9.9-10.2a.5.5 0 0 1 .86.46l-1.92 6.02A1 1 0 0 0 13 10h7a1 1 0 0 1 .78 1.63l-9.9 10.2a.5.5 0 0 1-.86-.46l1.92-6.02A1 1 0 0 0 11 
14z"[39m
          [36m/>[39m
        [36m</svg>[39m
      [36m</div>[39m
      [0mNova[0m
    [36m</a>[39m

    Ignored nodes: comments, script, style
    [36m<a[39m
      [33maria-label[39m=[32m"Email contact@novajobs.com"[39m
      [33mclass[39m=[32m"hover:text-blue-600 transition-colors"[39m
      [33mhref[39m=[32m"mailto:contact@novajobs.com"[39m
    [36m>[39m
      [0mcontact@novajobs.com[0m
    [36m</a>[39m

    Ignored nodes: comments, script, style
    [36m<span>[39m
      [0m123 Innovation Drive, Tech District[0m
      [36m<br />[39m
      [0mSan Francisco, CA 94105[0m
    [36m</span>[39m

    Ignored nodes: comments, script, style
    [36m<p[39m
      [33mclass[39m=[32m"text-[14px] text-gray-400 font-medium text-center md:text-left"[39m
    [36m>[39m
      [0m┬® [0m
      [0m2026[0m
      [0m Nova Technologies Inc. All rights reserved.[0m
    [36m</p>[39m

    (If this is intentional, then use the `*AllBy*` variant of the query (like `queryAllByText`, `getAllByText`, or `findAllByText`)).

    Ignored nodes: comments, script, style
    [36m<body>[39m
      [36m<div>[39m
        [36m<footer[39m
          [33maria-labelledby[39m=[32m"footer-heading"[39m
          [33mclass[39m=[32m"bg-white border-t border-gray-100 pt-16 pb-8 mt-12"[39m
        [36m>[39m
          [36m<h2[39m
            [33mclass[39m=[32m"sr-only"[39m
            [33mid[39m=[32m"footer-heading"[39m
          [36m>[39m
            [0mFooter[0m
          [36m</h2>[39m
          [36m<div[39m
            [33mclass[39m=[32m" w-full  px-10 "[39m
          [36m>[39m
            [36m<div[39m
              [33mclass[39m=[32m"grid grid-cols-1 md:grid-cols-2 lg:grid-cols-4 gap-12 mb-16"[39m
            [36m>[39m
              [36m<div[39m
                [33mclass[39m=[32m"flex flex-col gap-6"[39m
              [36m>[39m
                [36m<a[39m
                  [33maria-label[39m=[32m"Nova Jobs Home"[39m
                  [33mclass[39m=[32m"flex items-center gap-2 font-black text-[26px] tracking-tighter text-transparent bg-clip-text bg-gradient-to-r from-blue-600 to-indigo-500"[39m
                  [33mhref[39m=[32m"/"[39m
                [36m>[39m
                  [36m<div[39m
                    [33mclass[39m=[32m"flex items-center justify-center w-8 h-8 rounded-xl bg-gradient-to-br from-blue-600 to-indigo-500 text-white shadow-lg shadow-blue-500/30 
transform -rotate-6"[39m
                  [36m>[39m
                    [36m<svg[39m
                      [33maria-hidden[39m=[32m"true"[39m
                      [33mclass[39m=[32m"lucide lucide-zap fill-white/20"[39m
                      [33mfill[39m=[32m"none"[39m
                      [33mheight[39m=[32m"18"[39m
                      [33mstroke[39m=[32m"currentColor"[39m
                      [33mstroke-linecap[39m=[32m"round"[39m
                      [33mstroke-linejoin[39m=[32m"round"[39m
                      [33mstroke-width[39m=[32m"2.5"[39m
                      [33mviewBox[39m=[32m"0 0 24 24"[39m
                      [33mwidth[39m=[32m"18"[39m
                      [33mxmlns[39m=[32m"http://www.w3.org/2000/svg"[39m
                    [36m>[39m
                      [36m<path[39m
                        [33md[39m=[32m"M4 14a1 1 0 0 1-.78-1.63l9.9-10.2a.5.5 0 0 1 .86.46l-1.92 6.02A1 1 0 0 0 13 10h7a1 1 0 0 1 .78 1.63l-9.9 10.2a.5.5 0 0 1-.86-.46l1.92-6.02A1 1 0 0 
0 11 14z"[39m
                      [36m/>[39m
                    [36m</svg>[39m
                  [36m</div>[39m
                  [0mNova[0m
                [36m</a>[39m
                [36m<p[39m
                  [33mclass[39m=[32m"text-[15px] text-gray-500 leading-relaxed max-w-xs"[39m
                [36m>[39m
                  [0mConnecting brilliant minds with world-class opportunities. Discover your next career defining moment today.[0m
                [36m</p>[39m
                [36m<div[39m
                  [33mclass[39m=[32m"flex items-center gap-4 mt-2"[39m
                [36m>[39m
                  [36m<a[39m
                    [33maria-label[39m=[32m"Follow Nova on Twitter"[39m
                    [33mclass[39m=[32m"w-10 h-10 rounded-full bg-gray-50 flex items-center justify-center text-gray-400 hover:text-[#275df5] hover:bg-blue-50 transition-colors"[39m
                    [33mhref[39m=[32m"#"[39m
                  [36m>[39m
                    [36m<svg[39m
                      [33mfill[39m=[32m"none"[39m
                      [33mheight[39m=[32m"18"[39m
                      [33mstroke[39m=[32m"currentColor"[39m
                      [33mstroke-linecap[39m=[32m"round"[39m
                      [33mstroke-linejoin[39m=[32m"round"[39m
                      [33mstroke-width[39m=[32m"2"[39m
                      [33mviewBox[39m=[32m"0 0 24 24"[39m
                      [33mwidth[39m=[32m"18"[39m
                      [33mxmlns[39m=[32m"http://www.w3.org/2000/svg"[39m
                    [36m>[39m
                      [36m<path[39m
                        [33md[39m=[32m"M22 4s-.7 2.1-2 3.4c1.6 10-9.4 17.3-18 11.6 2.2.1 4.4-.6 6-2C3 15.5.5 9.6 3 5c2.2 2.6 5.6 4.1 9 4-.9-4.2 4-6.6 7-3.8 1.1 0 3-1.2 3-1.2z"[39m
                      [36m/>[39m
                    [36m</svg>[39m
                  [36m</a>[39m
                  [36m<a[39m
                    [33maria-label[39m=[32m"Follow Nova on LinkedIn"[39m
                    [33mclass[39m=[32m"w-10 h-10 rounded-full bg-gray-50 flex items-center justify-center text-gray-400 hover:text-[#275df5] hover:bg-blue-50 transition-colors"[39m
                    [33mhref[39m=[32m"#"[39m
                  [36m>[39m
                    [36m<svg[39m
                      [33mfill[39m=[32m"none"[39m
                      [33mheight[39m=[32m"18"[39m
                      [33mstroke[39m=[32m"currentColor"[39m
                      [33mstroke-linecap[39m=[32m"round"[39m
                      [33mstroke-linejoin[39m=[32m"round"[39m
                      [33mstroke-width[39m=[32m"2"[39m
                      [33mviewBox[39m=[32m"0 0 24 24"[39m
                      [33mwidth[39m=[32m"18"[39m
                      [33mxmlns[39m=[32m"http://www.w3.org/2000/svg"[39m
                    [36m>[39m
                      [36m<path[39m
                        [33md[39m=[32m"M16 8a6 6 0 0 1 6 6v7h-4v-7a2 2 0 0 0-2-2 2 2 0 0 0-2 2v7h-4v-7a6 6 0 0 1 6-6z"[39m
                      [36m/>[39m
                      [36m<rect[39m
                        [33mheight[39m=[32m"12"[39m
                        [33mwidth[39m=[32m"4"[39m
                        [33mx[39m=[32m"2"[39m
                        [33my[39m=[32m"9"[39m
                      [36m/>[39m
                      [36m<circle[39m
                        [33mcx[39m=[32m"4"[39m
                        [33mcy[39m=[32m"4"[39m
                        [33mr[39m=[32m"2"[39m
                      [36m/>[39m
                    [36m</svg>[39m
                  [36m</a>[39m
                  [36m<a[39m
                    [33maria-label[39m=[32m"Follow Nova on Facebook"[39m
                    [33mclass[39m=[32m"w-10 h-10 rounded-full bg-gray-50 flex items-center justify-center text-gray-400 hover:text-[#275df5] hover:bg-blue-50 transition-colors"[39m
                    [33mhref[39m=[32m"#"[39m
                  [36m>[39m
                    [36m<svg[39m
                      [33mfill[39m=[32m"none"[39m
                      [33mheight[39m=[32m"18"[39m
                      [33mstroke[39m=[32m"currentColor"[39m
                      [33mstroke-linecap[39m=[32m"round"[39m
                      [33mstroke-linejoin[39m=[32m"round"[39m
                      [33mstroke-width[39m=[32m"2"[39m
                      [33mviewBox[39m=[32m"0 0 24 24"[39m
                      [33mwidth[39m=[32m"18"[39m
                      [33mxmlns[39m=[32m"http://www.w3.org/2000/svg"[39m
                    [36m>[39m
                      [36m<path[39m
                        [33md[39m=[32m"M18 2h-3a5 5 0 0 0-5 5v3H7v4h3v8h4v-8h3l1-4h-4V7a1 1 0 0 1 1-1h3z"[39m
                      [36m/>[39m
                    [36m</svg>[39m
                  [36m</a>[39m
                  [36m<a[39m
                    [33maria-label[39m=[32m"Follow Nova on Instagram"[39m
                ...

    [0m [90m  6 |[39m         render([33m<[39m[33mFooter[39m [33m/[39m[33m>[39m)[33m;[39m
     [90m  7 |[39m         [90m// By looking for 'Nova' as text, and the brand philosophy[39m
    [31m[1m>[22m[39m[90m  8 |[39m         expect(screen[33m.[39mgetByText([35m/Nova/i[39m))[33m.[39mtoBeInTheDocument()[33m;[39m
     [90m    |[39m                       [31m[1m^[22m[39m
     [90m  9 |[39m         expect(screen[33m.[39mgetByText([35m/Connecting brilliant minds/i[39m))[33m.[39mtoBeInTheDocument()[33m;[39m
     [90m 10 |[39m     })[33m;[39m
     [90m 11 |[39m[0m

      at Object.getElementError (node_modules/@testing-library/dom/dist/config.js:37:19)
      at getElementError (node_modules/@testing-library/dom/dist/query-helpers.js:20:35)
      at getMultipleElementsFoundError (node_modules/@testing-library/dom/dist/query-helpers.js:23:10)
      at node_modules/@testing-library/dom/dist/query-helpers.js:55:13
      at node_modules/@testing-library/dom/dist/query-helpers.js:95:19
      at Object.getByText (src/components/__tests__/Footer.test.jsx:8:23)

Test Suites: 1 failed, 1 total
Tests:       1 failed, 4 passed, 5 total
Snapshots:   0 total
Time:        7.437 s
Ran all test suites matching /src\\components\\__tests__\\Footer.test.jsx/i.
